env: load .env
env: export EXPO_PUBLIC_BASE_URL_API_SERVER_1 EXPO_PUBLIC_BASE_URL_STUDENT_IMAGES EXPO_PUBLIC_OPENROUTER_API_KEY EXPO_PUBLIC_OPENROUTER_BASE_URL EXPO_PUBLIC_DEEPSEEK_MODEL EXPO_PUBLIC_SITE_URL EXPO_PUBLIC_SITE_NAME EXPO_PUBLIC_APP_SECRET EXPO_PUBLIC_RATE_LIMIT_REQUESTS EXPO_PUBLIC_RATE_LIMIT_WINDOW
Starting project at /Users/macbookair/Documents/Repositories/Nexis College/toyar-school-app-frontend
Using src/app as the root directory for Expo Router.
Starting Metro Bundler
warning: Bundler cache is empty, rebuilding (this may take a minute)
Waiting on http://localhost:8086
Logs for your project will appear below.
